// Jest Snapshot v1, https://goo.gl/fbAQLP

exports[`about us snapshot test 1`] = `
<div>
  <h1>
    About Us
  </h1>
</div>
`;
